2020-10-18 03:49:11,    67.9,   false,  class-3-4,  45, 666,    23.44,  1,  2
2020-10-18 11:37:29,    1.6,    true,   class-2-2,  45, 666,    23.44,  1,  2
2020-10-19 14:16:34,    45.7,   true,   class-2-1,  45, 666,    23.44,  1,  2  