2020-10-18 11:37:29,    1.6,    true,   class-2-2,  1,  32,     87.999, 1, 2
2020-10-19 07:56:22,    34.2,   false,  class-1-1,  1,  32,     87.999, 1, 2