[
    
    {
        "_id": "2020-11-03 00:00:00",
        "trafficCount": 2
    },
    {
        "_id": "2020-11-05 00:00:00",
        "trafficCount": 7
    },
    {
        "_id": "2020-11-06 00:00:00",
        "trafficCount": 6
    },

    {
        "_id": "2020-11-08 00:00:00",
        "trafficCount": 3
    },
    {
        "_id": "2020-11-09 00:00:00",
        "trafficCount": 10
    },
    {
        "_id": "2020-11-11 00:00:00",
        "trafficCount": 4
    },
    {
        "_id": "2020-11-14 00:00:00",
        "trafficCount": 9
    }

]