[
    
    {
        "_id": "2020-11-03 12:00:00",
        "trafficCount": 2
    },

    {
        "_id": "2020-11-05 00:00:00",
        "trafficCount": 5
    },
    {
        "_id": "2020-11-05 12:00:00",
        "trafficCount": 2
    },

    {
        "_id": "2020-11-06 00:00:00",
        "trafficCount": 6
    },

    {
        "_id": "2020-11-08 00:00:00",
        "trafficCount": 1
    },
    {
        "_id": "2020-11-08 12:00:00",
        "trafficCount": 2
    },

    {
       "_id": "2020-11-09 00:00:00",
       "trafficCount": 1 
    },
    {
        "_id": "2020-11-09 12:00:00",
        "trafficCount": 9 
    },

    {
        "_id": "2020-11-11 00:00:00",
        "trafficCount": 2
    },
    {
        "_id": "2020-11-11 12:00:00",
        "trafficCount": 2
    },

    {
        "_id": "2020-11-14 00:00:00",
        "trafficCount": 4
    },
    {
        "_id": "2020-11-14 12:00:00",
        "trafficCount": 5
    }

]