[
    {
        "_id": "2020-11-02 00:00:00",
        "trafficCount": 18
    },
    {
        "_id": "2020-11-09 00:00:00",
        "trafficCount": 23
    }
]