[
    
    {
        "_id": "2020-11-03 00:00:00",
        "totalWeight": 12.42
    },
    {
        "_id": "2020-11-05 00:00:00",
        "totalWeight": 39.43
    },
    {
        "_id": "2020-11-06 00:00:00",
        "totalWeight": 73.945
    },
    {
        "_id": "2020-11-08 00:00:00",
        "totalWeight": 38.35
    },

    {
        "_id": "2020-11-09 00:00:00",
        "totalWeight": 76.695
    },
    {
        "_id": "2020-11-11 00:00:00",
        "totalWeight": 0
    },
    {
        "_id": "2020-11-14 00:00:00",
        "totalWeight": 63.195
    }

]