[
    
    {
        "_id": "2020-11-03 15:00:00",
        "totalWeight": 0
    },
    {
        "_id": "2020-11-03 22:00:00",
        "totalWeight": 12.42
    },

    {
        "_id": "2020-11-05 07:00:00",
        "totalWeight": 0
    },
    {
        "_id": "2020-11-05 10:00:00",
        "totalWeight": 25.93
    },
    {
        "_id": "2020-11-05 11:00:00",
        "totalWeight": 0
    },

    {
        "_id": "2020-11-05 14:00:00",
        "totalWeight": 13.5
    },

    {
        "_id": "2020-11-06 01:00:00",
        "totalWeight": 12.42
    },
    {
        "_id": "2020-11-06 02:00:00",
        "totalWeight": 17.275
    },
    {
        "_id": "2020-11-06 08:00:00",
        "totalWeight": 44.25
    },

    {
        "_id": "2020-11-08 09:00:00",
        "totalWeight": 5.93
    },

    {
        "_id": "2020-11-08 23:00:00",
        "totalWeight": 32.42
    },

    {
        "_id": "2020-11-09 03:00:00",
        "totalWeight": 0
    },

    {
        "_id": "2020-11-09 17:00:00",
        "totalWeight": 5.93
    },
    {
        "_id": "2020-11-09 18:00:00",
        "totalWeight": 0
    },
    {
        "_id": "2020-11-09 21:00:00",
        "totalWeight": 70.765
    },

    {
        "_id": "2020-11-11 02:00:00",
        "totalWeight": 0
    },
    {
        "_id": "2020-11-11 06:00:00",
        "totalWeight": 0
    },

    {
        "_id": "2020-11-11 15:00:00",
        "totalWeight": 0
    },

    {
        "_id": "2020-11-14 00:00:00",
        "totalWeight": 0
    },

    {
        "_id": "2020-11-14 12:00:00",
        "totalWeight": 17.275
    },
    {
        "_id": "2020-11-14 16:00:00",
        "totalWeight": 0
    },
    {
        "_id": "2020-11-14 17:00:00",
        "totalWeight": 5.93
    },
    {
        "_id": "2020-11-14 19:00:00",
        "totalWeight": 39.99
    }

]